// Jest Snapshot v1, https://goo.gl/fbAQLP

exports[`should render Player component without errors 1`] = `
<video
  className="player__video"
  muted={false}
  poster=""
  src=""
/>
`;
