// Jest Snapshot v1, https://goo.gl/fbAQLP

exports[`should render MovieCardPoster component without errors 1`] = `
<div
  className="movie-card__poster "
>
  <img
    alt=""
    height="327"
    src=""
    width="218"
  />
</div>
`;
