// Jest Snapshot v1, https://goo.gl/fbAQLP

exports[`should render SmallMovieCard component without errors 1`] = `
<article
  className="small-movie-card catalog__movies-card"
>
  <div
    className="small-movie-card__image"
    onMouseEnter={[Function]}
    onMouseLeave={[Function]}
  >
    <video
      className="player__video"
      muted={true}
      poster=""
      src=""
    />
  </div>
  <h3
    className="small-movie-card__title"
  >
    <a
      className="small-movie-card__link"
      href="/films/undefined"
      onClick={[Function]}
    />
  </h3>
</article>
`;
