// Jest Snapshot v1, https://goo.gl/fbAQLP

exports[`should render MovieDetails component without errors 1`] = `
<Fragment>
  <section
    className="movie-card movie-card--full"
  >
    <div
      className="movie-card__hero"
    >
      <MovieCardBackground
        backgroundImage=""
        name=""
      />
      <h1
        className="visually-hidden"
      >
        WTW
      </h1>
      <Header
        extraClassName="movie-card__head"
        isWithUserBlock={true}
        title=""
      />
      <div
        className="movie-card__wrap"
      >
        <div
          className="movie-card__desc"
        >
          <MovieCardMeta
            genre=""
            name=""
            released={0}
          />
          <Connect(MovieCardButtons)
            onPlayButtonClick={[Function]}
          />
        </div>
      </div>
    </div>
    <div
      className="movie-card__wrap movie-card__translate-top"
    >
      <div
        className="movie-card__info"
      >
        <MovieCardPoster
          classMods="movie-card__poster--big"
          extraClassName=""
          name=""
          posterImage=""
        />
        <WithActiveItem
          movie={Object {}}
          reviews={Array []}
        />
      </div>
    </div>
  </section>
  <div
    className="page-content"
  >
    <section
      className="catalog catalog--like-this"
    >
      <h2
        className="catalog__title"
      >
        More like this
      </h2>
      <Connect(Catalog)
        movieCards={Array []}
      />
      <Footer />
    </section>
  </div>
</Fragment>
`;
