// Jest Snapshot v1, https://goo.gl/fbAQLP

exports[`should render Button component without errors 1`] = `
<button
  className=""
  onClick={[Function]}
  type="button"
>
  <span />
</button>
`;
