// Jest Snapshot v1, https://goo.gl/fbAQLP

exports[`should render component without errors 1`] = `
<article
  className="small-movie-card catalog__movies-card"
>
  <div
    className="small-movie-card__image"
  >
    <img
      alt=""
      height="175"
      src=""
      width="280"
    />
  </div>
  <h3
    className="small-movie-card__title"
  >
    <a
      className="small-movie-card__link"
      href=""
    >
      
    </a>
  </h3>
</article>
`;
