// Jest Snapshot v1, https://goo.gl/fbAQLP

exports[`should render HomePage component without errors 1`] = `
<Fragment>
  <section
    className="movie-card"
  >
    <div
      className="movie-card__bg"
    >
      <img />
    </div>
    <h1
      className="visually-hidden"
    >
      WTW
    </h1>
    <Header
      extraClassName=""
      isWithUserBlock={true}
      title=""
    />
    <div
      className="movie-card__wrap"
    >
      <div
        className="movie-card__info"
      >
        <div
          className="movie-card__poster"
        >
          <img
            height="327"
            width="218"
          />
        </div>
        <div
          className="movie-card__desc"
        >
          <h2
            className="movie-card__title"
          />
          <p
            className="movie-card__meta"
          >
            <span
              className="movie-card__genre"
            />
            <span
              className="movie-card__year"
            />
          </p>
          <Connect(MovieCardButtons)
            onPlayButtonClick={[Function]}
          />
        </div>
      </div>
    </div>
  </section>
  <div
    className="page-content"
  >
    <section
      className="catalog"
    >
      <h2
        className="catalog__title visually-hidden"
      >
        Catalog
      </h2>
      <Connect(GenreList) />
      <Connect(Catalog)
        movieCards={Array []}
        withShowMoreButton={true}
      />
    </section>
    <Footer />
  </div>
</Fragment>
`;
