// Jest Snapshot v1, https://goo.gl/fbAQLP

exports[`should render NotFound component without errors 1`] = `
<h1>
  404 Page Not Found
</h1>
`;
