// Jest Snapshot v1, https://goo.gl/fbAQLP

exports[`should render MovieCardImage component without errors 1`] = `
<div
  className="small-movie-card__image"
  onMouseEnter={[Function]}
  onMouseLeave={[Function]}
>
  <video
    className="player__video"
    muted={true}
    poster=""
    src=""
  />
</div>
`;
