// Jest Snapshot v1, https://goo.gl/fbAQLP

exports[`should render PlayerControls component without errors 1`] = `
<div
  className="player__controls"
>
  <div
    className="player__controls-row"
  >
    <div
      className="player__time"
    >
      <progress
        className="player__progress"
        max="100"
        value={0}
      />
      <div
        className="player__toggler"
        style={
          Object {
            "left": "0%",
          }
        }
      >
        Toggler
      </div>
    </div>
    <div
      className="player__time-value"
    >
      00:00:00
    </div>
  </div>
  <div
    className="player__controls-row"
  >
    <button
      className="player__play"
      onClick={[Function]}
      type="button"
    >
      <svg
        height={19}
        viewBox="0 0 19 19"
        width={19}
      >
        <use
          xlinkHref="#play-s"
        />
      </svg>
      <span>
        Play
      </span>
    </button>
    <div
      className="player__name"
    >
      Transpotting
    </div>
    <button
      className="player__full-screen"
      onClick={[Function]}
      type="button"
    >
      <svg
        height={21}
        viewBox="0 0 21 21"
        width={21}
      >
        <use
          xlinkHref="#full-screen"
        />
      </svg>
      <span>
        Full screen
      </span>
    </button>
  </div>
</div>
`;
