// Jest Snapshot v1, https://goo.gl/fbAQLP

exports[`should render component without errors 1`] = `
<div
  className="movie-rating"
>
  <div
    className="movie-rating__score"
  >
    0
  </div>
  <p
    className="movie-rating__meta"
  >
    <span
      className="movie-rating__level"
    >
      bad
    </span>
    <span
      className="movie-rating__count"
    >
      0
       ratings
    </span>
  </p>
</div>
`;
