// Jest Snapshot v1, https://goo.gl/fbAQLP

exports[`should render SvgIcon component without errors 1`] = `
<svg
  height={0}
  viewBox="0 0 0 0"
  width={0}
>
  <use
    xlinkHref="#"
  />
</svg>
`;
