// Jest Snapshot v1, https://goo.gl/fbAQLP

exports[`should render PlayerTime component without errors 1`] = `
Array [
  <div
    className="player__time"
  >
    <progress
      className="player__progress"
      max="100"
      value={0}
    />
    <div
      className="player__toggler"
      style={
        Object {
          "left": "0%",
        }
      }
    >
      Toggler
    </div>
  </div>,
  <div
    className="player__time-value"
  >
    00:00:00
  </div>,
]
`;
