// Jest Snapshot v1, https://goo.gl/fbAQLP

exports[`should render component without errors 1`] = `
<li
  className="catalog__genres-item"
>
  <a
    className="catalog__genres-link"
    href="#"
    onClick={[Function]}
  >
    
  </a>
</li>
`;
